
Discarded input sections

 .group         0x00000000        0x8 ./kernel/signal.o
 .group         0x00000000        0x8 ./kernel/signal.o
 .group         0x00000000        0x8 ./kernel/sched.o
 .text.__x86.get_pc_thunk.ax
                0x00000000        0x4 ./kernel/sched.o
 .group         0x00000000        0x8 ./kernel/console.o
 .group         0x00000000        0x8 ./kernel/console.o
 .text.__x86.get_pc_thunk.ax
                0x00000000        0x4 ./kernel/console.o
 .group         0x00000000        0x8 ./kernel/panic.o
 .text.__x86.get_pc_thunk.bx
                0x00000000        0x4 ./kernel/panic.o
 .group         0x00000000        0x8 ./kernel/main.o
 .group         0x00000000        0x8 ./kernel/main.o
 .text.__x86.get_pc_thunk.ax
                0x00000000        0x4 ./kernel/main.o
 .text.__x86.get_pc_thunk.bx
                0x00000000        0x4 ./kernel/main.o
 .group         0x00000000        0x8 ./kernel/printk.o
 .group         0x00000000        0x8 ./kernel/printk.o
 .group         0x00000000        0x8 ./kernel/printk.o
 .text.__x86.get_pc_thunk.ax
                0x00000000        0x4 ./kernel/printk.o
 .text.__x86.get_pc_thunk.bx
                0x00000000        0x4 ./kernel/printk.o
 .group         0x00000000        0x8 ./arch/x86/traps.o
 .group         0x00000000        0x8 ./arch/x86/traps.o
 .text.__x86.get_pc_thunk.ax
                0x00000000        0x4 ./arch/x86/traps.o
 .text.__x86.get_pc_thunk.bx
                0x00000000        0x4 ./arch/x86/traps.o
 .group         0x00000000        0x8 ./arch/x86/gdt.o
 .group         0x00000000        0x8 ./arch/x86/gdt.o
 .text.__x86.get_pc_thunk.ax
                0x00000000        0x4 ./arch/x86/gdt.o
 .text.__x86.get_pc_thunk.bx
                0x00000000        0x4 ./arch/x86/gdt.o
 .group         0x00000000        0x8 ./arch/x86/pic.o
 .text.__x86.get_pc_thunk.bx
                0x00000000        0x4 ./arch/x86/pic.o

Memory Configuration

Name             Origin             Length             Attributes
*default*        0x00000000         0xffffffff

Linker script and memory map

                0x00100000                        . = 0x100000

.text           0x00100000     0x1231
 *(.multiboot)
 .multiboot     0x00100000        0xc ./entry.asm.o
 *(.text)
 .text          0x0010000c       0xb9 ./kernel/signal.o
                0x0010000c                signal
                0x00100031                sendsig
                0x00100065                psig
 .text          0x001000c5      0x2d4 ./kernel/sched.o
                0x001000c5                blank
                0x001000d5                initTask
                0x0010025e                schedule
                0x00100348                sys_fork
                0x00100358                exec
 .text          0x00100399      0x1aa ./kernel/console.o
                0x00100399                ConsoleInstall
                0x001003bb                put_cxy
                0x00100405                put_c
                0x001004cd                clear
 .text          0x00100543       0xd0 ./kernel/panic.o
                0x00100543                panic
 .text          0x00100613      0x120 ./kernel/main.o
                0x00100613                tasking1
                0x0010065d                tasking2
                0x00100688                tasking3
                0x001006b3                kernel_init
 .text          0x00100733      0x1ab ./kernel/printk.o
                0x00100830                printk
 .text          0x001008de      0x6d0 ./arch/x86/traps.o
                0x001008de                setIdtDescriptor
                0x0010093c                clock_handler
                0x00100977                addCharacter
                0x001009b8                keyboard_handler
                0x00100b00                divide_by_zero_error
                0x00100b2b                debug
                0x00100b56                nmi
                0x00100b81                int3
                0x00100bac                overflow
                0x00100bd7                bounds
                0x00100c02                invalid_op
                0x00100c2d                device_not_available
                0x00100c58                double_fault
                0x00100c83                coprocessor_segment_overrun
                0x00100cae                invalid_tss
                0x00100cd9                segment_not_present
                0x00100d04                stack_segment
                0x00100d2f                general_protection
                0x00100d5a                page_fault
                0x00100d85                reserved
                0x00100db0                coprocessor_error
                0x00100ddb                TrapsInstall
 .text          0x00100fae      0x15e ./arch/x86/gdt.o
                0x00100fae                setGdtDescriptor
                0x0010102f                setTSSDescriptor
                0x00101064                GdtInstall
 .text          0x0010110c       0xcc ./arch/x86/pic.o
                0x0010110c                remapPIC
 *fill*         0x001011d8        0x8 
 .text          0x001011e0        0x7 ./entry.asm.o
                0x001011e0                start
 *fill*         0x001011e7        0x9 
 .text          0x001011f0       0x41 ./arch/x86/ioport.asm.o
                0x001011f0                insb
                0x001011f9                insw
                0x00101203                inl
                0x0010120c                outb
                0x00101218                outw
                0x00101225                outl

.text.__x86.get_pc_thunk.ax
                0x00101231        0x4
 .text.__x86.get_pc_thunk.ax
                0x00101231        0x4 ./kernel/signal.o
                0x00101231                __x86.get_pc_thunk.ax

.text.__x86.get_pc_thunk.bx
                0x00101235        0x4
 .text.__x86.get_pc_thunk.bx
                0x00101235        0x4 ./kernel/signal.o
                0x00101235                __x86.get_pc_thunk.bx

.iplt           0x00101239        0x0
 .iplt          0x00101239        0x0 ./kernel/signal.o

.text.__x86.get_pc_thunk.dx
                0x00101239        0x4
 .text.__x86.get_pc_thunk.dx
                0x00101239        0x4 ./kernel/console.o
                0x00101239                __x86.get_pc_thunk.dx

.text.__x86.get_pc_thunk.cx
                0x0010123d        0x4
 .text.__x86.get_pc_thunk.cx
                0x0010123d        0x4 ./kernel/printk.o
                0x0010123d                __x86.get_pc_thunk.cx

.rodata         0x00101244      0x345
 .rodata        0x00101244       0x28 ./kernel/signal.o
 .rodata        0x0010126c       0x58 ./kernel/panic.o
 .rodata        0x001012c4       0x45 ./kernel/main.o
 *fill*         0x00101309        0x3 
 .rodata        0x0010130c       0x48 ./kernel/printk.o
 .rodata        0x00101354      0x235 ./arch/x86/traps.o

.eh_frame       0x0010158c      0x6b0
 .eh_frame      0x0010158c       0xa8 ./kernel/signal.o
 .eh_frame      0x00101634       0xa0 ./kernel/sched.o
                                 0xcc (size before relaxing)
 .eh_frame      0x001016d4       0xa4 ./kernel/console.o
                                 0xd0 (size before relaxing)
 .eh_frame      0x00101778       0x20 ./kernel/panic.o
                                 0x4c (size before relaxing)
 .eh_frame      0x00101798       0x80 ./kernel/main.o
                                 0xc0 (size before relaxing)
 .eh_frame      0x00101818       0x7c ./kernel/printk.o
                                 0xbc (size before relaxing)
 .eh_frame      0x00101894      0x31c ./arch/x86/traps.o
                                0x35c (size before relaxing)
 .eh_frame      0x00101bb0       0x68 ./arch/x86/gdt.o
                                 0xa8 (size before relaxing)
 .eh_frame      0x00101c18       0x24 ./arch/x86/pic.o
                                 0x50 (size before relaxing)

.rel.dyn        0x00101c3c        0x0
 .rel.got       0x00101c3c        0x0 ./kernel/signal.o
 .rel.iplt      0x00101c3c        0x0 ./kernel/signal.o

.data           0x00101c3c        0x0
 *(.data)
 .data          0x00101c3c        0x0 ./kernel/signal.o
 .data          0x00101c3c        0x0 ./kernel/sched.o
 .data          0x00101c3c        0x0 ./kernel/console.o
 .data          0x00101c3c        0x0 ./kernel/panic.o
 .data          0x00101c3c        0x0 ./kernel/main.o
 .data          0x00101c3c        0x0 ./kernel/printk.o
 .data          0x00101c3c        0x0 ./arch/x86/traps.o
 .data          0x00101c3c        0x0 ./arch/x86/gdt.o
 .data          0x00101c3c        0x0 ./arch/x86/pic.o

.got            0x00101c3c        0x0
 .got           0x00101c3c        0x0 ./kernel/signal.o

.got.plt        0x00101c3c        0xc
 .got.plt       0x00101c3c        0xc ./kernel/signal.o
                0x00101c3c                _GLOBAL_OFFSET_TABLE_

.igot.plt       0x00101c48        0x0
 .igot.plt      0x00101c48        0x0 ./kernel/signal.o

.data.rel.local
                0x00101c48        0x8
 .data.rel.local
                0x00101c48        0x8 ./kernel/sched.o
                0x00101c48                current
                0x00101c4c                next

.bss            0x00101c60    0x24b50
 *(.bss)
 .bss           0x00101c60        0x0 ./kernel/signal.o
 .bss           0x00101c60     0x3f00 ./kernel/sched.o
                0x00101c60                tasks
 .bss           0x00105b60        0xc ./kernel/console.o
                0x00105b60                video_mem
                0x00105b64                x
                0x00105b68                y
 .bss           0x00105b6c        0x0 ./kernel/panic.o
 .bss           0x00105b6c        0x0 ./kernel/main.o
 .bss           0x00105b6c        0x0 ./kernel/printk.o
 *fill*         0x00105b6c       0x14 
 .bss           0x00105b80      0xc24 ./arch/x86/traps.o
                0x00105b80                idtr
                0x00105b88                idt_table
                0x00106388                ticks
                0x001063a0                keyboard_buffer
                0x001067a0                pos
 *fill*         0x001067a4        0x4 
 .bss           0x001067a8    0x10008 ./arch/x86/gdt.o
                0x001067a8                gdtr
                0x001067b0                gdt_table
 .bss           0x001167b0        0x0 ./arch/x86/pic.o
 .bss           0x001167b0    0x10000 ./entry.asm.o
LOAD ./kernel/signal.o
LOAD ./kernel/sched.o
LOAD ./kernel/console.o
LOAD ./kernel/panic.o
LOAD ./kernel/main.o
LOAD ./kernel/printk.o
LOAD ./arch/x86/traps.o
LOAD ./arch/x86/gdt.o
LOAD ./arch/x86/pic.o
LOAD ./entry.asm.o
LOAD ./arch/x86/ioport.asm.o
OUTPUT(iso/boot/kernel elf32-i386)

.comment        0x00000000       0x2d
 .comment       0x00000000       0x2d ./kernel/signal.o
                                 0x2e (size before relaxing)
 .comment       0x0000002d       0x2e ./kernel/sched.o
 .comment       0x0000002d       0x2e ./kernel/console.o
 .comment       0x0000002d       0x2e ./kernel/panic.o
 .comment       0x0000002d       0x2e ./kernel/main.o
 .comment       0x0000002d       0x2e ./kernel/printk.o
 .comment       0x0000002d       0x2e ./arch/x86/traps.o
 .comment       0x0000002d       0x2e ./arch/x86/gdt.o
 .comment       0x0000002d       0x2e ./arch/x86/pic.o

.note.GNU-stack
                0x00000000        0x0
 .note.GNU-stack
                0x00000000        0x0 ./kernel/signal.o
 .note.GNU-stack
                0x00000000        0x0 ./kernel/sched.o
 .note.GNU-stack
                0x00000000        0x0 ./kernel/console.o
 .note.GNU-stack
                0x00000000        0x0 ./kernel/panic.o
 .note.GNU-stack
                0x00000000        0x0 ./kernel/main.o
 .note.GNU-stack
                0x00000000        0x0 ./kernel/printk.o
 .note.GNU-stack
                0x00000000        0x0 ./arch/x86/traps.o
 .note.GNU-stack
                0x00000000        0x0 ./arch/x86/gdt.o
 .note.GNU-stack
                0x00000000        0x0 ./arch/x86/pic.o
