
Discarded input sections

 .group         0x00000000        0x8 ./kernel/signal.o
 .group         0x00000000        0x8 ./kernel/signal.o
 .group         0x00000000        0x8 ./kernel/sched.o
 .group         0x00000000        0x8 ./kernel/sched.o
 .text.__x86.get_pc_thunk.ax
                0x00000000        0x4 ./kernel/sched.o
 .text.__x86.get_pc_thunk.bx
                0x00000000        0x4 ./kernel/sched.o
 .group         0x00000000        0x8 ./kernel/console.o
 .group         0x00000000        0x8 ./kernel/console.o
 .text.__x86.get_pc_thunk.ax
                0x00000000        0x4 ./kernel/console.o
 .group         0x00000000        0x8 ./kernel/panic.o
 .text.__x86.get_pc_thunk.bx
                0x00000000        0x4 ./kernel/panic.o
 .group         0x00000000        0x8 ./kernel/alarm.o
 .group         0x00000000        0x8 ./kernel/main.o
 .group         0x00000000        0x8 ./kernel/main.o
 .text.__x86.get_pc_thunk.ax
                0x00000000        0x4 ./kernel/main.o
 .text.__x86.get_pc_thunk.bx
                0x00000000        0x4 ./kernel/main.o
 .group         0x00000000        0x8 ./kernel/printk.o
 .group         0x00000000        0x8 ./kernel/printk.o
 .group         0x00000000        0x8 ./kernel/printk.o
 .text.__x86.get_pc_thunk.ax
                0x00000000        0x4 ./kernel/printk.o
 .text.__x86.get_pc_thunk.cx
                0x00000000        0x4 ./kernel/printk.o
 .text.__x86.get_pc_thunk.bx
                0x00000000        0x4 ./kernel/printk.o
 .group         0x00000000        0x8 ./arch/x86/traps.o
 .group         0x00000000        0x8 ./arch/x86/traps.o
 .text.__x86.get_pc_thunk.ax
                0x00000000        0x4 ./arch/x86/traps.o
 .text.__x86.get_pc_thunk.bx
                0x00000000        0x4 ./arch/x86/traps.o
 .group         0x00000000        0x8 ./arch/x86/gdt.o
 .group         0x00000000        0x8 ./arch/x86/gdt.o
 .text.__x86.get_pc_thunk.ax
                0x00000000        0x4 ./arch/x86/gdt.o
 .text.__x86.get_pc_thunk.bx
                0x00000000        0x4 ./arch/x86/gdt.o
 .group         0x00000000        0x8 ./arch/x86/pic.o
 .text.__x86.get_pc_thunk.bx
                0x00000000        0x4 ./arch/x86/pic.o

Memory Configuration

Name             Origin             Length             Attributes
*default*        0x00000000         0xffffffff

Linker script and memory map

                0x00100000                        . = 0x100000

.text           0x00100000     0x1371
 *(.multiboot)
 .multiboot     0x00100000        0xc ./entry.asm.o
 *(.text)
 .text          0x0010000c      0x105 ./kernel/signal.o
                0x0010000c                signal
                0x00100031                sendsig
                0x00100065                psig
 .text          0x00100111      0x2e9 ./kernel/sched.o
                0x00100111                blank
                0x00100121                initTask
                0x001002aa                schedule
                0x001003a9                sys_fork
                0x001003b9                exec
 .text          0x001003fa      0x1aa ./kernel/console.o
                0x001003fa                ConsoleInstall
                0x0010041c                put_cxy
                0x00100466                put_c
                0x0010052e                clear
 .text          0x001005a4       0xd0 ./kernel/panic.o
                0x001005a4                panic
 .text          0x00100674       0x69 ./kernel/alarm.o
                0x00100674                alarm
 .text          0x001006dd      0x12c ./kernel/main.o
                0x001006dd                tasking1
                0x00100727                tasking2
                0x00100752                tasking3
                0x00100789                kernel_init
 .text          0x00100809      0x1ab ./kernel/printk.o
                0x00100906                printk
 .text          0x001009b4      0x734 ./arch/x86/traps.o
                0x001009b4                setIdtDescriptor
                0x00100a12                clock_handler
                0x00100ab1                addCharacter
                0x00100af2                keyboard_handler
                0x00100c3a                divide_by_zero_error
                0x00100c65                debug
                0x00100c90                nmi
                0x00100cbb                int3
                0x00100ce6                overflow
                0x00100d11                bounds
                0x00100d3c                invalid_op
                0x00100d67                device_not_available
                0x00100d92                double_fault
                0x00100dbd                coprocessor_segment_overrun
                0x00100de8                invalid_tss
                0x00100e13                segment_not_present
                0x00100e3e                stack_segment
                0x00100e69                general_protection
                0x00100e94                page_fault
                0x00100ebf                reserved
                0x00100eea                coprocessor_error
                0x00100f15                TrapsInstall
 .text          0x001010e8      0x15e ./arch/x86/gdt.o
                0x001010e8                setGdtDescriptor
                0x00101169                setTSSDescriptor
                0x0010119e                GdtInstall
 .text          0x00101246       0xcc ./arch/x86/pic.o
                0x00101246                remapPIC
 *fill*         0x00101312        0xe 
 .text          0x00101320        0x7 ./entry.asm.o
                0x00101320                start
 *fill*         0x00101327        0x9 
 .text          0x00101330       0x41 ./arch/x86/ioport.asm.o
                0x00101330                insb
                0x00101339                insw
                0x00101343                inl
                0x0010134c                outb
                0x00101358                outw
                0x00101365                outl

.text.__x86.get_pc_thunk.ax
                0x00101371        0x4
 .text.__x86.get_pc_thunk.ax
                0x00101371        0x4 ./kernel/signal.o
                0x00101371                __x86.get_pc_thunk.ax

.text.__x86.get_pc_thunk.bx
                0x00101375        0x4
 .text.__x86.get_pc_thunk.bx
                0x00101375        0x4 ./kernel/signal.o
                0x00101375                __x86.get_pc_thunk.bx

.iplt           0x00101379        0x0
 .iplt          0x00101379        0x0 ./kernel/signal.o

.text.__x86.get_pc_thunk.dx
                0x00101379        0x4
 .text.__x86.get_pc_thunk.dx
                0x00101379        0x4 ./kernel/console.o
                0x00101379                __x86.get_pc_thunk.dx

.text.__x86.get_pc_thunk.cx
                0x0010137d        0x4
 .text.__x86.get_pc_thunk.cx
                0x0010137d        0x4 ./kernel/alarm.o
                0x0010137d                __x86.get_pc_thunk.cx

.rodata         0x00101384      0x375
 .rodata        0x00101384       0x57 ./kernel/signal.o
 *fill*         0x001013db        0x1 
 .rodata        0x001013dc       0x58 ./kernel/panic.o
 .rodata        0x00101434       0x45 ./kernel/main.o
 *fill*         0x00101479        0x3 
 .rodata        0x0010147c       0x48 ./kernel/printk.o
 .rodata        0x001014c4      0x235 ./arch/x86/traps.o

.eh_frame       0x001016fc      0x6dc
 .eh_frame      0x001016fc       0xa8 ./kernel/signal.o
 .eh_frame      0x001017a4       0xa4 ./kernel/sched.o
                                 0xe4 (size before relaxing)
 .eh_frame      0x00101848       0xa4 ./kernel/console.o
                                 0xd0 (size before relaxing)
 .eh_frame      0x001018ec       0x20 ./kernel/panic.o
                                 0x4c (size before relaxing)
 .eh_frame      0x0010190c       0x3c ./kernel/alarm.o
                                 0x54 (size before relaxing)
 .eh_frame      0x00101948       0x80 ./kernel/main.o
                                 0xc0 (size before relaxing)
 .eh_frame      0x001019c8       0x68 ./kernel/printk.o
                                 0xbc (size before relaxing)
 .eh_frame      0x00101a30      0x31c ./arch/x86/traps.o
                                0x35c (size before relaxing)
 .eh_frame      0x00101d4c       0x68 ./arch/x86/gdt.o
                                 0xa8 (size before relaxing)
 .eh_frame      0x00101db4       0x24 ./arch/x86/pic.o
                                 0x50 (size before relaxing)

.rel.dyn        0x00101dd8        0x0
 .rel.got       0x00101dd8        0x0 ./kernel/signal.o
 .rel.iplt      0x00101dd8        0x0 ./kernel/signal.o

.data           0x00101dd8        0x0
 *(.data)
 .data          0x00101dd8        0x0 ./kernel/signal.o
 .data          0x00101dd8        0x0 ./kernel/sched.o
 .data          0x00101dd8        0x0 ./kernel/console.o
 .data          0x00101dd8        0x0 ./kernel/panic.o
 .data          0x00101dd8        0x0 ./kernel/alarm.o
 .data          0x00101dd8        0x0 ./kernel/main.o
 .data          0x00101dd8        0x0 ./kernel/printk.o
 .data          0x00101dd8        0x0 ./arch/x86/traps.o
 .data          0x00101dd8        0x0 ./arch/x86/gdt.o
 .data          0x00101dd8        0x0 ./arch/x86/pic.o

.got            0x00101dd8        0x0
 .got           0x00101dd8        0x0 ./kernel/signal.o

.got.plt        0x00101dd8        0xc
 .got.plt       0x00101dd8        0xc ./kernel/signal.o
                0x00101dd8                _GLOBAL_OFFSET_TABLE_

.igot.plt       0x00101de4        0x0
 .igot.plt      0x00101de4        0x0 ./kernel/signal.o

.data.rel.local
                0x00101de4        0x8
 .data.rel.local
                0x00101de4        0x8 ./kernel/sched.o
                0x00101de4                current
                0x00101de8                next

.bss            0x00101e00    0x24d50
 *(.bss)
 .bss           0x00101e00        0x0 ./kernel/signal.o
 .bss           0x00101e00     0x3f00 ./kernel/sched.o
                0x00101e00                tasks
 .bss           0x00105d00        0xc ./kernel/console.o
                0x00105d00                video_mem
                0x00105d04                x
                0x00105d08                y
 .bss           0x00105d0c        0x0 ./kernel/panic.o
 *fill*         0x00105d0c       0x14 
 .bss           0x00105d20      0x200 ./kernel/alarm.o
                0x00105d20                callouts
 .bss           0x00105f20        0x0 ./kernel/main.o
 .bss           0x00105f20        0x0 ./kernel/printk.o
 .bss           0x00105f20      0xc24 ./arch/x86/traps.o
                0x00105f20                idtr
                0x00105f28                idt_table
                0x00106728                ticks
                0x00106740                keyboard_buffer
                0x00106b40                pos
 *fill*         0x00106b44        0x4 
 .bss           0x00106b48    0x10008 ./arch/x86/gdt.o
                0x00106b48                gdtr
                0x00106b50                gdt_table
 .bss           0x00116b50        0x0 ./arch/x86/pic.o
 .bss           0x00116b50    0x10000 ./entry.asm.o
LOAD ./kernel/signal.o
LOAD ./kernel/sched.o
LOAD ./kernel/console.o
LOAD ./kernel/panic.o
LOAD ./kernel/alarm.o
LOAD ./kernel/main.o
LOAD ./kernel/printk.o
LOAD ./arch/x86/traps.o
LOAD ./arch/x86/gdt.o
LOAD ./arch/x86/pic.o
LOAD ./entry.asm.o
LOAD ./arch/x86/ioport.asm.o
OUTPUT(iso/boot/kernel elf32-i386)

.comment        0x00000000       0x2d
 .comment       0x00000000       0x2d ./kernel/signal.o
                                 0x2e (size before relaxing)
 .comment       0x0000002d       0x2e ./kernel/sched.o
 .comment       0x0000002d       0x2e ./kernel/console.o
 .comment       0x0000002d       0x2e ./kernel/panic.o
 .comment       0x0000002d       0x2e ./kernel/alarm.o
 .comment       0x0000002d       0x2e ./kernel/main.o
 .comment       0x0000002d       0x2e ./kernel/printk.o
 .comment       0x0000002d       0x2e ./arch/x86/traps.o
 .comment       0x0000002d       0x2e ./arch/x86/gdt.o
 .comment       0x0000002d       0x2e ./arch/x86/pic.o

.note.GNU-stack
                0x00000000        0x0
 .note.GNU-stack
                0x00000000        0x0 ./kernel/signal.o
 .note.GNU-stack
                0x00000000        0x0 ./kernel/sched.o
 .note.GNU-stack
                0x00000000        0x0 ./kernel/console.o
 .note.GNU-stack
                0x00000000        0x0 ./kernel/panic.o
 .note.GNU-stack
                0x00000000        0x0 ./kernel/alarm.o
 .note.GNU-stack
                0x00000000        0x0 ./kernel/main.o
 .note.GNU-stack
                0x00000000        0x0 ./kernel/printk.o
 .note.GNU-stack
                0x00000000        0x0 ./arch/x86/traps.o
 .note.GNU-stack
                0x00000000        0x0 ./arch/x86/gdt.o
 .note.GNU-stack
                0x00000000        0x0 ./arch/x86/pic.o
